// Jest Snapshot v1, https://goo.gl/fbAQLP

exports[`Filter component renders the form-control in the page 1`] = `ShallowWrapper {}`;
