// Jest Snapshot v1, https://goo.gl/fbAQLP

exports[`Footer Component renders correctly 1`] = `
<div
  className="footer text-white pt-3"
>
  <p>
    Â© & Project made by Avijit, Microverse
  </p>
</div>
`;
